------------------------------------------------------------
TimeQuest Timing Analyzer Summary
------------------------------------------------------------

Type  : Slow 1200mV 85C Model Setup 'clk'
Slack : -2.875
TNS   : -31.719

Type  : Slow 1200mV 85C Model Hold 'clk'
Slack : -0.082
TNS   : -0.367

Type  : Slow 1200mV 85C Model Recovery 'clk'
Slack : -1.540
TNS   : -12.320

Type  : Slow 1200mV 85C Model Removal 'clk'
Slack : 1.431
TNS   : 0.000

Type  : Slow 1200mV 85C Model Minimum Pulse Width 'clk'
Slack : -3.000
TNS   : -19.000

Type  : Slow 1200mV 85C Model Minimum Pulse Width 'OPC[0]'
Slack : -3.000
TNS   : -3.000

Type  : Slow 1200mV 0C Model Setup 'clk'
Slack : -2.499
TNS   : -27.574

Type  : Slow 1200mV 0C Model Hold 'clk'
Slack : -0.039
TNS   : -0.158

Type  : Slow 1200mV 0C Model Recovery 'clk'
Slack : -1.314
TNS   : -10.512

Type  : Slow 1200mV 0C Model Removal 'clk'
Slack : 1.303
TNS   : 0.000

Type  : Slow 1200mV 0C Model Minimum Pulse Width 'clk'
Slack : -3.000
TNS   : -19.000

Type  : Slow 1200mV 0C Model Minimum Pulse Width 'OPC[0]'
Slack : -3.000
TNS   : -3.000

Type  : Fast 1200mV 0C Model Setup 'clk'
Slack : -1.138
TNS   : -14.168

Type  : Fast 1200mV 0C Model Hold 'clk'
Slack : -0.160
TNS   : -0.929

Type  : Fast 1200mV 0C Model Recovery 'clk'
Slack : -0.984
TNS   : -7.872

Type  : Fast 1200mV 0C Model Removal 'clk'
Slack : 0.736
TNS   : 0.000

Type  : Fast 1200mV 0C Model Minimum Pulse Width 'clk'
Slack : -3.000
TNS   : -19.513

Type  : Fast 1200mV 0C Model Minimum Pulse Width 'OPC[0]'
Slack : -3.000
TNS   : -3.000

------------------------------------------------------------
